       1                                            .TITLE DIVISION TEST
       2                                        ;
       3                                        ;
       4 000000                                 LC=.
       5 000004                                 .=4+LC
       6 000004 000006  000000  000012                  .WORD    6,0,12,0        ; INITIALIZE ERROR VECTORS
         000012 000000                  
       7                                        ;
       8 000500                                 .=500+LC                         ; ALLOW FOR STACK SPACE
       9 000500 010706                          START:  MOV     PC,SP
      10 000502 005746                                  TST     -(SP)            ; INIT SP TO START
      11                                        ;
      12                                        ;               MAIN PROGRAM
      13                                        ; SET EXAMPLE VALUES FOR DIV EXECUTION
      14                                        ;        MOV     #125252,R0      ; 125252 = 0xAAAA
      15                                        ;        MOV     #125,R1         ; 125 = 0x55 RESULT = 1002o
      16                                        ;        MOV     #45454,R0       ;
      17                                        ;        MOV     #454,R1         ; RESULT = 100o
      18                                        ;        MOV     #15015.,R0      ;
      19                                        ;        MOV     #0.,R2          ;
      20                                        ;        MOV     #15.,R3         ; RESULT = 1001d = 1751o
      21 000504 012700  000002                          MOV     #2,R0           ;
      22 000510 012702  000003                          MOV     #3,R2           ;
      23                                        ;
      24 000514 070200                                  MUL     R0,R2           ; R2.R3 = R0*R2 (32 bit)
      25 000516 005203                                  INC     R3
      26 000520 071200                                  DIV     R0,R2           ; R2 = R2.R3/R0 (32 bit); R3=remainings
      27                                
      28 000522 012701  000002                          MOV     #2,R1
      29 000526 012703  000003                          MOV     #3,R3
      30 000532 070301                                  MUL     R1,R3           ; R3=R1*R3 (16 bit)
      31                                        ;
      32 000534 000000                          STOP:   HALT
      32                                                .END    START
